../Core/Inc/RGB_LED.h:11:6:L_RED_LED	8	static
../Core/Inc/RGB_LED.h:15:6:L_GREEN_LED	8	static
../Core/Inc/RGB_LED.h:19:6:L_YELLOW_LED	8	static
../Core/Inc/RGB_LED.h:23:6:L_OFF_LED	8	static
../Core/Inc/RGB_LED.h:28:6:R_RED_LED	8	static
../Core/Inc/RGB_LED.h:32:6:R_GREEN_LED	8	static
../Core/Inc/RGB_LED.h:36:6:R_YELLOW_LED	8	static
../Core/Inc/RGB_LED.h:40:6:R_OFF_LED	8	static
../Core/Inc/garmin_lidar_litev4.h:44:19:CheckDevice	152	static
../Core/Inc/garmin_lidar_litev4.h:61:6:ConfigureLidarAddress	40	static
../Core/Inc/garmin_lidar_litev4.h:98:6:DisableDefaultAddress	40	static
../Core/Inc/garmin_lidar_litev4.h:107:10:GetDistance	40	static
../Core/Inc/garmin_lidar_litev4.h:131:6:CheckRightSensor	8	static
../Core/Inc/garmin_lidar_litev4.h:146:6:CheckLeftSensor	8	static
../Core/Src/main.c:74:5:main	16	static
../Core/Src/main.c:177:6:SystemClock_Config	96	static
../Core/Src/main.c:221:13:MX_I2C1_Init	8	static
../Core/Src/main.c:269:13:MX_USART2_UART_Init	8	static
../Core/Src/main.c:304:13:MX_GPIO_Init	40	static
../Core/Src/main.c:347:6:Error_Handler	4	static,ignoring_inline_asm
