../Core/Src/main.c:82:19:CheckDevice	152	static
../Core/Src/main.c:104:6:configureLidarAddress	32	static
../Core/Src/main.c:143:10:GetDistance	40	static
../Core/Src/main.c:167:6:L_RED_LED	8	static
../Core/Src/main.c:172:6:L_GREEN_LED	8	static
../Core/Src/main.c:177:6:L_YELLOW_LED	8	static
../Core/Src/main.c:182:6:L_OFF_LED	8	static
../Core/Src/main.c:214:5:main	136	static
../Core/Src/main.c:281:6:SystemClock_Config	96	static
../Core/Src/main.c:325:13:MX_I2C1_Init	8	static
../Core/Src/main.c:373:13:MX_USART2_UART_Init	8	static
../Core/Src/main.c:408:13:MX_GPIO_Init	40	static
../Core/Src/main.c:441:6:Error_Handler	4	static,ignoring_inline_asm
