../Core/Src/main.c:83:19:CheckDevice	152	static
../Core/Src/main.c:102:6:configureLidarAddress	40	static
../Core/Src/main.c:142:10:GetDistance	40	static
../Core/Src/main.c:166:6:L_RED_LED	8	static
../Core/Src/main.c:171:6:L_GREEN_LED	8	static
../Core/Src/main.c:176:6:L_YELLOW_LED	8	static
../Core/Src/main.c:181:6:L_OFF_LED	8	static
../Core/Src/main.c:187:6:R_RED_LED	8	static
../Core/Src/main.c:192:6:R_GREEN_LED	8	static
../Core/Src/main.c:197:6:R_YELLOW_LED	8	static
../Core/Src/main.c:202:6:R_OFF_LED	8	static
../Core/Src/main.c:213:5:main	136	static
../Core/Src/main.c:297:6:SystemClock_Config	96	static
../Core/Src/main.c:341:13:MX_I2C1_Init	8	static
../Core/Src/main.c:389:13:MX_USART2_UART_Init	8	static
../Core/Src/main.c:424:13:MX_GPIO_Init	40	static
../Core/Src/main.c:470:6:Error_Handler	4	static,ignoring_inline_asm
