../Core/Src/main.c:79:19:CheckDevice	144	static
../Core/Src/main.c:95:10:GetDistance	32	static
../Core/Src/main.c:113:6:L_RED_LED	8	static
../Core/Src/main.c:118:6:L_GREEN_LED	8	static
../Core/Src/main.c:123:6:L_YELLOW_LED	8	static
../Core/Src/main.c:128:6:L_OFF_LED	8	static
../Core/Src/main.c:139:5:main	136	static
../Core/Src/main.c:205:6:SystemClock_Config	96	static
../Core/Src/main.c:249:13:MX_I2C1_Init	8	static
../Core/Src/main.c:297:13:MX_USART2_UART_Init	8	static
../Core/Src/main.c:332:13:MX_GPIO_Init	40	static
../Core/Src/main.c:365:6:Error_Handler	4	static,ignoring_inline_asm
